
Allocating common symbols
Common symbol       size              file

PCD8544_y           0x1               ..\obj\tm_stm32f4_pcd8544.o
PCD8544_x           0x1               ..\obj\tm_stm32f4_pcd8544.o
PCD8544_Buffer      0x1f8             ..\obj\tm_stm32f4_pcd8544.o

Discarded input sections

 .text          0x00000000        0x0 ..\obj\startup_stm32f4xx.o
 .data          0x00000000        0x0 ..\obj\startup_stm32f4xx.o
 .bss           0x00000000        0x0 ..\obj\startup_stm32f4xx.o
 .text          0x00000000        0x0 ..\obj\main.o
 .bss           0x00000000        0x0 ..\obj\main.o
 .text          0x00000000        0x0 ..\obj\stm32f4xx_rcc.o
 .data          0x00000000       0x10 ..\obj\stm32f4xx_rcc.o
 .bss           0x00000000        0x0 ..\obj\stm32f4xx_rcc.o
 .text.RCC_DeInit
                0x00000000       0x50 ..\obj\stm32f4xx_rcc.o
 .text.RCC_HSEConfig
                0x00000000       0x24 ..\obj\stm32f4xx_rcc.o
 .text.RCC_WaitForHSEStartUp
                0x00000000       0x50 ..\obj\stm32f4xx_rcc.o
 .text.RCC_AdjustHSICalibrationValue
                0x00000000       0x3c ..\obj\stm32f4xx_rcc.o
 .text.RCC_HSICmd
                0x00000000       0x20 ..\obj\stm32f4xx_rcc.o
 .text.RCC_LSEConfig
                0x00000000       0x40 ..\obj\stm32f4xx_rcc.o
 .text.RCC_LSICmd
                0x00000000       0x20 ..\obj\stm32f4xx_rcc.o
 .text.RCC_PLLConfig
                0x00000000       0x3c ..\obj\stm32f4xx_rcc.o
 .text.RCC_PLLCmd
                0x00000000       0x20 ..\obj\stm32f4xx_rcc.o
 .text.RCC_PLLI2SConfig
                0x00000000       0x28 ..\obj\stm32f4xx_rcc.o
 .text.RCC_PLLI2SCmd
                0x00000000       0x20 ..\obj\stm32f4xx_rcc.o
 .text.RCC_ClockSecuritySystemCmd
                0x00000000       0x20 ..\obj\stm32f4xx_rcc.o
 .text.RCC_MCO1Config
                0x00000000       0x3c ..\obj\stm32f4xx_rcc.o
 .text.RCC_MCO2Config
                0x00000000       0x3c ..\obj\stm32f4xx_rcc.o
 .text.RCC_SYSCLKConfig
                0x00000000       0x38 ..\obj\stm32f4xx_rcc.o
 .text.RCC_GetSYSCLKSource
                0x00000000       0x20 ..\obj\stm32f4xx_rcc.o
 .text.RCC_HCLKConfig
                0x00000000       0x38 ..\obj\stm32f4xx_rcc.o
 .text.RCC_PCLK1Config
                0x00000000       0x38 ..\obj\stm32f4xx_rcc.o
 .text.RCC_PCLK2Config
                0x00000000       0x38 ..\obj\stm32f4xx_rcc.o
 .text.RCC_GetClocksFreq
                0x00000000      0x154 ..\obj\stm32f4xx_rcc.o
 .text.RCC_RTCCLKConfig
                0x00000000       0x5c ..\obj\stm32f4xx_rcc.o
 .text.RCC_RTCCLKCmd
                0x00000000       0x20 ..\obj\stm32f4xx_rcc.o
 .text.RCC_BackupResetCmd
                0x00000000       0x20 ..\obj\stm32f4xx_rcc.o
 .text.RCC_I2SCLKConfig
                0x00000000       0x1c ..\obj\stm32f4xx_rcc.o
 .text.RCC_AHB2PeriphClockCmd
                0x00000000       0x3c ..\obj\stm32f4xx_rcc.o
 .text.RCC_AHB3PeriphClockCmd
                0x00000000       0x3c ..\obj\stm32f4xx_rcc.o
 .text.RCC_APB1PeriphClockCmd
                0x00000000       0x3c ..\obj\stm32f4xx_rcc.o
 .text.RCC_APB2PeriphClockCmd
                0x00000000       0x3c ..\obj\stm32f4xx_rcc.o
 .text.RCC_AHB1PeriphResetCmd
                0x00000000       0x3c ..\obj\stm32f4xx_rcc.o
 .text.RCC_AHB2PeriphResetCmd
                0x00000000       0x3c ..\obj\stm32f4xx_rcc.o
 .text.RCC_AHB3PeriphResetCmd
                0x00000000       0x3c ..\obj\stm32f4xx_rcc.o
 .text.RCC_APB1PeriphResetCmd
                0x00000000       0x3c ..\obj\stm32f4xx_rcc.o
 .text.RCC_APB2PeriphResetCmd
                0x00000000       0x3c ..\obj\stm32f4xx_rcc.o
 .text.RCC_AHB1PeriphClockLPModeCmd
                0x00000000       0x3c ..\obj\stm32f4xx_rcc.o
 .text.RCC_AHB2PeriphClockLPModeCmd
                0x00000000       0x3c ..\obj\stm32f4xx_rcc.o
 .text.RCC_AHB3PeriphClockLPModeCmd
                0x00000000       0x3c ..\obj\stm32f4xx_rcc.o
 .text.RCC_APB1PeriphClockLPModeCmd
                0x00000000       0x3c ..\obj\stm32f4xx_rcc.o
 .text.RCC_APB2PeriphClockLPModeCmd
                0x00000000       0x3c ..\obj\stm32f4xx_rcc.o
 .text.RCC_ITConfig
                0x00000000       0x48 ..\obj\stm32f4xx_rcc.o
 .text.RCC_GetFlagStatus
                0x00000000       0x74 ..\obj\stm32f4xx_rcc.o
 .text.RCC_ClearFlag
                0x00000000       0x1c ..\obj\stm32f4xx_rcc.o
 .text.RCC_GetITStatus
                0x00000000       0x38 ..\obj\stm32f4xx_rcc.o
 .text.RCC_ClearITPendingBit
                0x00000000       0x20 ..\obj\stm32f4xx_rcc.o
 .text          0x00000000        0x0 ..\obj\demo.o
 .data          0x00000000        0x0 ..\obj\demo.o
 .bss           0x00000000        0x0 ..\obj\demo.o
 .text.DemoDrawMenu
                0x00000000       0x84 ..\obj\demo.o
 .text          0x00000000        0x0 ..\obj\tm_stm32f4_spi.o
 .data          0x00000000        0x0 ..\obj\tm_stm32f4_spi.o
 .bss           0x00000000        0x0 ..\obj\tm_stm32f4_spi.o
 .text.TM_SPI_InitWithMode
                0x00000000       0x88 ..\obj\tm_stm32f4_spi.o
 .text.TM_SPI_InitFull
                0x00000000       0x74 ..\obj\tm_stm32f4_spi.o
 .text.TM_SPI_GetPrescalerFromMaxFrequency
                0x00000000       0x68 ..\obj\tm_stm32f4_spi.o
 .text.TM_SPI_SendMulti
                0x00000000       0x68 ..\obj\tm_stm32f4_spi.o
 .text.TM_SPI_WriteMulti
                0x00000000       0x5c ..\obj\tm_stm32f4_spi.o
 .text.TM_SPI_ReadMulti
                0x00000000       0x64 ..\obj\tm_stm32f4_spi.o
 .text.TM_SPI_Send16
                0x00000000       0x34 ..\obj\tm_stm32f4_spi.o
 .text.TM_SPI_SendMulti16
                0x00000000       0x68 ..\obj\tm_stm32f4_spi.o
 .text.TM_SPI_WriteMulti16
                0x00000000       0x5c ..\obj\tm_stm32f4_spi.o
 .text.TM_SPI_ReadMulti16
                0x00000000       0x60 ..\obj\tm_stm32f4_spi.o
 .text          0x00000000        0x0 ..\obj\main_menu_lib.o
 .data          0x00000000        0x0 ..\obj\main_menu_lib.o
 .bss           0x00000000        0x0 ..\obj\main_menu_lib.o
 .rodata        0x00000000       0x44 ..\obj\main_menu_lib.o
 .text.DrawGameMainMenu
                0x00000000       0x64 ..\obj\main_menu_lib.o
 .text.DrawMenuSelectionFrame7x5
                0x00000000       0x2c ..\obj\main_menu_lib.o
 .debug_info    0x00000000      0x10e ..\obj\main_menu_lib.o
 .debug_abbrev  0x00000000       0xa2 ..\obj\main_menu_lib.o
 .debug_aranges
                0x00000000       0x28 ..\obj\main_menu_lib.o
 .debug_ranges  0x00000000       0x18 ..\obj\main_menu_lib.o
 .debug_line    0x00000000      0x275 ..\obj\main_menu_lib.o
 .debug_str     0x00000000      0x233 ..\obj\main_menu_lib.o
 .comment       0x00000000       0x71 ..\obj\main_menu_lib.o
 .ARM.attributes
                0x00000000       0x33 ..\obj\main_menu_lib.o
 .debug_frame   0x00000000       0x4c ..\obj\main_menu_lib.o
 .text          0x00000000        0x0 ..\obj\tm_stm32f4_rng.o
 .data          0x00000000        0x0 ..\obj\tm_stm32f4_rng.o
 .bss           0x00000000        0x0 ..\obj\tm_stm32f4_rng.o
 .text.TM_RNG_DeInit
                0x00000000       0x2c ..\obj\tm_stm32f4_rng.o
 .text          0x00000000        0x0 ..\obj\stm32f4xx_gpio.o
 .data          0x00000000        0x0 ..\obj\stm32f4xx_gpio.o
 .bss           0x00000000        0x0 ..\obj\stm32f4xx_gpio.o
 .text.GPIO_DeInit
                0x00000000      0x120 ..\obj\stm32f4xx_gpio.o
 .text.GPIO_StructInit
                0x00000000       0x34 ..\obj\stm32f4xx_gpio.o
 .text.GPIO_PinLockConfig
                0x00000000       0x44 ..\obj\stm32f4xx_gpio.o
 .text.GPIO_ReadInputDataBit
                0x00000000       0x34 ..\obj\stm32f4xx_gpio.o
 .text.GPIO_ReadInputData
                0x00000000       0x1c ..\obj\stm32f4xx_gpio.o
 .text.GPIO_ReadOutputDataBit
                0x00000000       0x34 ..\obj\stm32f4xx_gpio.o
 .text.GPIO_ReadOutputData
                0x00000000       0x1c ..\obj\stm32f4xx_gpio.o
 .text.GPIO_WriteBit
                0x00000000       0x30 ..\obj\stm32f4xx_gpio.o
 .text.GPIO_Write
                0x00000000       0x1c ..\obj\stm32f4xx_gpio.o
 .text.GPIO_ToggleBits
                0x00000000       0x24 ..\obj\stm32f4xx_gpio.o
 .text.GPIO_PinAFConfig
                0x00000000       0x8c ..\obj\stm32f4xx_gpio.o
 .text          0x00000000        0x0 ..\obj\system_stm32f4xx.o
 .data          0x00000000       0x14 ..\obj\system_stm32f4xx.o
 .bss           0x00000000        0x0 ..\obj\system_stm32f4xx.o
 .text.SystemCoreClockUpdate
                0x00000000       0xf8 ..\obj\system_stm32f4xx.o
 .text          0x00000000        0x0 ..\obj\stm32f4xx_spi.o
 .data          0x00000000        0x0 ..\obj\stm32f4xx_spi.o
 .bss           0x00000000        0x0 ..\obj\stm32f4xx_spi.o
 .text.SPI_I2S_DeInit
                0x00000000       0x74 ..\obj\stm32f4xx_spi.o
 .text.I2S_Init
                0x00000000      0x1b0 ..\obj\stm32f4xx_spi.o
 .text.I2S_StructInit
                0x00000000       0x38 ..\obj\stm32f4xx_spi.o
 .text.SPI_Cmd  0x00000000       0x40 ..\obj\stm32f4xx_spi.o
 .text.I2S_Cmd  0x00000000       0x40 ..\obj\stm32f4xx_spi.o
 .text.SPI_DataSizeConfig
                0x00000000       0x38 ..\obj\stm32f4xx_spi.o
 .text.SPI_BiDirectionalLineConfig
                0x00000000       0x40 ..\obj\stm32f4xx_spi.o
 .text.SPI_NSSInternalSoftwareConfig
                0x00000000       0x44 ..\obj\stm32f4xx_spi.o
 .text.SPI_SSOutputCmd
                0x00000000       0x40 ..\obj\stm32f4xx_spi.o
 .text.SPI_TIModeCmd
                0x00000000       0x40 ..\obj\stm32f4xx_spi.o
 .text.I2S_FullDuplexConfig
                0x00000000       0x9c ..\obj\stm32f4xx_spi.o
 .text.SPI_I2S_ReceiveData
                0x00000000       0x1c ..\obj\stm32f4xx_spi.o
 .text.SPI_I2S_SendData
                0x00000000       0x1c ..\obj\stm32f4xx_spi.o
 .text.SPI_CalculateCRC
                0x00000000       0x40 ..\obj\stm32f4xx_spi.o
 .text.SPI_TransmitCRC
                0x00000000       0x24 ..\obj\stm32f4xx_spi.o
 .text.SPI_GetCRC
                0x00000000       0x34 ..\obj\stm32f4xx_spi.o
 .text.SPI_GetCRCPolynomial
                0x00000000       0x1c ..\obj\stm32f4xx_spi.o
 .text.SPI_I2S_DMACmd
                0x00000000       0x48 ..\obj\stm32f4xx_spi.o
 .text.SPI_I2S_ITConfig
                0x00000000       0x60 ..\obj\stm32f4xx_spi.o
 .text.SPI_I2S_GetFlagStatus
                0x00000000       0x38 ..\obj\stm32f4xx_spi.o
 .text.SPI_I2S_ClearFlag
                0x00000000       0x20 ..\obj\stm32f4xx_spi.o
 .text.SPI_I2S_GetITStatus
                0x00000000       0x78 ..\obj\stm32f4xx_spi.o
 .text.SPI_I2S_ClearITPendingBit
                0x00000000       0x34 ..\obj\stm32f4xx_spi.o
 .text          0x00000000        0x0 ..\obj\bitmap.o
 .data          0x00000000        0x0 ..\obj\bitmap.o
 .bss           0x00000000        0x0 ..\obj\bitmap.o
 .debug_line    0x00000000        0x0 ..\obj\bitmap.o
 .debug_str     0x00000000        0x0 ..\obj\bitmap.o
 .comment       0x00000000       0x71 ..\obj\bitmap.o
 .ARM.attributes
                0x00000000       0x33 ..\obj\bitmap.o
 .text          0x00000000        0x0 ..\obj\tm_stm32f4_gpio.o
 .data          0x00000000        0x0 ..\obj\tm_stm32f4_gpio.o
 .bss           0x00000000        0x0 ..\obj\tm_stm32f4_gpio.o
 .text.TM_GPIO_Init
                0x00000000       0x38 ..\obj\tm_stm32f4_gpio.o
 .text.TM_GPIO_DeInit
                0x00000000       0x4c ..\obj\tm_stm32f4_gpio.o
 .text.TM_GPIO_SetPinAsInput
                0x00000000       0x50 ..\obj\tm_stm32f4_gpio.o
 .text.TM_GPIO_SetPinAsOutput
                0x00000000       0x5c ..\obj\tm_stm32f4_gpio.o
 .text.TM_GPIO_SetPinAsAnalog
                0x00000000       0x4c ..\obj\tm_stm32f4_gpio.o
 .text.TM_GPIO_GetPortSource
                0x00000000       0xac ..\obj\tm_stm32f4_gpio.o
 .text.TM_GPIO_GetPinSource
                0x00000000       0x30 ..\obj\tm_stm32f4_gpio.o
 .text.TM_GPIO_INT_DisableClock
                0x00000000       0xf0 ..\obj\tm_stm32f4_gpio.o
 .text          0x00000000        0x0 ..\obj\snakelib.o
 .data          0x00000000        0x0 ..\obj\snakelib.o
 .bss           0x00000000        0x0 ..\obj\snakelib.o
 .text.DrawFilledBox
                0x00000000       0x30 ..\obj\snakelib.o
 .text.DrawEmptyBox
                0x00000000       0x4c ..\obj\snakelib.o
 .text.DrawEmptyBoxInGrid
                0x00000000       0x7c ..\obj\snakelib.o
 .text.DrawBitMapVerticalFlipped
                0x00000000       0x44 ..\obj\snakelib.o
 .text          0x00000000        0x0 ..\obj\tm_stm32f4_pcd8544.o
 .data          0x00000000        0x0 ..\obj\tm_stm32f4_pcd8544.o
 .rodata        0x00000000      0x388 ..\obj\tm_stm32f4_pcd8544.o
 .text.PCD8544_SetContrast
                0x00000000       0x3c ..\obj\tm_stm32f4_pcd8544.o
 .text.PCD8544_Invert
                0x00000000       0x28 ..\obj\tm_stm32f4_pcd8544.o
 .text.PCD8544_Putc
                0x00000000      0x15c ..\obj\tm_stm32f4_pcd8544.o
 .text.PCD8544_Puts
                0x00000000       0x38 ..\obj\tm_stm32f4_pcd8544.o
 .text.PCD8544_DrawRectangle
                0x00000000       0x54 ..\obj\tm_stm32f4_pcd8544.o
 .text.PCD8544_DrawCircle
                0x00000000      0x1dc ..\obj\tm_stm32f4_pcd8544.o
 .text.PCD8544_DrawFilledCircle
                0x00000000      0x1b8 ..\obj\tm_stm32f4_pcd8544.o

Memory Configuration

Name             Origin             Length             Attributes
rom              0x08000000         0x00100000         xr
ram              0x20000000         0x00020000         xrw
ram1             0x10000000         0x00010000         xrw
*default*        0x00000000         0xffffffff

Linker script and memory map

                0x20020000                _eram = 0x20020000

.text           0x08000000     0x139c
 *(.isr_vector)
 .isr_vector    0x08000000      0x188 ..\obj\startup_stm32f4xx.o
                0x08000000                g_pfnVectors
 *(.text*)
 .text.Default_Reset_Handler
                0x08000188       0x5c ..\obj\startup_stm32f4xx.o
                0x08000188                Default_Reset_Handler
                0x08000188                Reset_Handler
 .text.Default_Handler
                0x080001e4        0x8 ..\obj\startup_stm32f4xx.o
                0x080001e4                RTC_Alarm_IRQHandler
                0x080001e4                HASH_RNG_IRQHandler
                0x080001e4                EXTI2_IRQHandler
                0x080001e4                TIM8_CC_IRQHandler
                0x080001e4                DebugMon_Handler
                0x080001e4                TIM1_CC_IRQHandler
                0x080001e4                DMA2_Stream5_IRQHandler
                0x080001e4                HardFault_Handler
                0x080001e4                DMA1_Stream5_IRQHandler
                0x080001e4                SysTick_Handler
                0x080001e4                PVD_IRQHandler
                0x080001e4                SDIO_IRQHandler
                0x080001e4                TAMP_STAMP_IRQHandler
                0x080001e4                PendSV_Handler
                0x080001e4                NMI_Handler
                0x080001e4                CAN2_RX1_IRQHandler
                0x080001e4                EXTI3_IRQHandler
                0x080001e4                TIM8_TRG_COM_TIM14_IRQHandler
                0x080001e4                TIM1_UP_TIM10_IRQHandler
                0x080001e4                TIM8_UP_TIM13_IRQHandler
                0x080001e4                I2C3_ER_IRQHandler
                0x080001e4                EXTI0_IRQHandler
                0x080001e4                I2C2_EV_IRQHandler
                0x080001e4                DMA1_Stream2_IRQHandler
                0x080001e4                CAN1_RX0_IRQHandler
                0x080001e4                FPU_IRQHandler
                0x080001e4                OTG_HS_WKUP_IRQHandler
                0x080001e4                UsageFault_Handler
                0x080001e4                CAN2_SCE_IRQHandler
                0x080001e4                DMA2_Stream2_IRQHandler
                0x080001e4                SPI1_IRQHandler
                0x080001e4                TIM6_DAC_IRQHandler
                0x080001e4                TIM1_BRK_TIM9_IRQHandler
                0x080001e4                DCMI_IRQHandler
                0x080001e4                CAN2_RX0_IRQHandler
                0x080001e4                DMA2_Stream3_IRQHandler
                0x080001e4                USART6_IRQHandler
                0x080001e4                USART3_IRQHandler
                0x080001e4                CRYP_IRQHandler
                0x080001e4                CAN1_RX1_IRQHandler
                0x080001e4                UART5_IRQHandler
                0x080001e4                DMA2_Stream0_IRQHandler
                0x080001e4                TIM4_IRQHandler
                0x080001e4                I2C1_EV_IRQHandler
                0x080001e4                DMA1_Stream6_IRQHandler
                0x080001e4                DMA1_Stream1_IRQHandler
                0x080001e4                UART4_IRQHandler
                0x080001e4                TIM3_IRQHandler
                0x080001e4                RCC_IRQHandler
                0x080001e4                TIM8_BRK_TIM12_IRQHandler
                0x080001e4                EXTI15_10_IRQHandler
                0x080001e4                ADC_IRQHandler
                0x080001e4                DMA1_Stream7_IRQHandler
                0x080001e4                TIM7_IRQHandler
                0x080001e4                CAN2_TX_IRQHandler
                0x080001e4                TIM5_IRQHandler
                0x080001e4                DMA2_Stream7_IRQHandler
                0x080001e4                I2C3_EV_IRQHandler
                0x080001e4                EXTI9_5_IRQHandler
                0x080001e4                RTC_WKUP_IRQHandler
                0x080001e4                ETH_WKUP_IRQHandler
                0x080001e4                SPI2_IRQHandler
                0x080001e4                OTG_HS_EP1_IN_IRQHandler
                0x080001e4                MemManage_Handler
                0x080001e4                DMA1_Stream0_IRQHandler
                0x080001e4                CAN1_TX_IRQHandler
                0x080001e4                SVC_Handler
                0x080001e4                EXTI4_IRQHandler
                0x080001e4                FSMC_IRQHandler
                0x080001e4                ETH_IRQHandler
                0x080001e4                OTG_HS_EP1_OUT_IRQHandler
                0x080001e4                WWDG_IRQHandler
                0x080001e4                TIM2_IRQHandler
                0x080001e4                OTG_FS_WKUP_IRQHandler
                0x080001e4                TIM1_TRG_COM_TIM11_IRQHandler
                0x080001e4                OTG_HS_IRQHandler
                0x080001e4                EXTI1_IRQHandler
                0x080001e4                USART2_IRQHandler
                0x080001e4                I2C2_ER_IRQHandler
                0x080001e4                DMA2_Stream1_IRQHandler
                0x080001e4                CAN1_SCE_IRQHandler
                0x080001e4                FLASH_IRQHandler
                0x080001e4                DMA2_Stream4_IRQHandler
                0x080001e4                BusFault_Handler
                0x080001e4                USART1_IRQHandler
                0x080001e4                OTG_FS_IRQHandler
                0x080001e4                SPI3_IRQHandler
                0x080001e4                DMA1_Stream4_IRQHandler
                0x080001e4                I2C1_ER_IRQHandler
                0x080001e4                DMA2_Stream6_IRQHandler
                0x080001e4                DMA1_Stream3_IRQHandler
 .text.main     0x080001ec       0x44 ..\obj\main.o
                0x080001ec                main
 .text.RCC_AHB1PeriphClockCmd
                0x08000230       0x3c ..\obj\stm32f4xx_rcc.o
                0x08000230                RCC_AHB1PeriphClockCmd
 .text.DemoRandomPikselBoxGenerator
                0x0800026c       0x64 ..\obj\demo.o
                0x0800026c                DemoRandomPikselBoxGenerator
 .text.TM_SPI_Init
                0x080002d0       0x80 ..\obj\tm_stm32f4_spi.o
                0x080002d0                TM_SPI_Init
 .text.TM_SPI_Send
                0x08000350       0x48 ..\obj\tm_stm32f4_spi.o
                0x08000350                TM_SPI_Send
 .text.TM_SPIx_Init
                0x08000398      0x110 ..\obj\tm_stm32f4_spi.o
 .text.TM_SPI1_INT_InitPins
                0x080004a8       0x5c ..\obj\tm_stm32f4_spi.o
                0x080004a8                TM_SPI1_INT_InitPins
 .text.TM_SPI2_INT_InitPins
                0x08000504       0x94 ..\obj\tm_stm32f4_spi.o
                0x08000504                TM_SPI2_INT_InitPins
 .text.TM_SPI3_INT_InitPins
                0x08000598       0x60 ..\obj\tm_stm32f4_spi.o
                0x08000598                TM_SPI3_INT_InitPins
 .text.TM_RNG_Init
                0x080005f8       0x2c ..\obj\tm_stm32f4_rng.o
                0x080005f8                TM_RNG_Init
 .text.TM_RNG_Get
                0x08000624       0x24 ..\obj\tm_stm32f4_rng.o
                0x08000624                TM_RNG_Get
 .text.GPIO_Init
                0x08000648      0x11c ..\obj\stm32f4xx_gpio.o
                0x08000648                GPIO_Init
 .text.GPIO_SetBits
                0x08000764       0x1c ..\obj\stm32f4xx_gpio.o
                0x08000764                GPIO_SetBits
 .text.GPIO_ResetBits
                0x08000780       0x1c ..\obj\stm32f4xx_gpio.o
                0x08000780                GPIO_ResetBits
 .text.SystemInit
                0x0800079c       0x58 ..\obj\system_stm32f4xx.o
                0x0800079c                SystemInit
 .text.SetSysClock
                0x080007f4       0xf4 ..\obj\system_stm32f4xx.o
 .text.SPI_Init
                0x080008e8       0x88 ..\obj\stm32f4xx_spi.o
                0x080008e8                SPI_Init
 .text.SPI_StructInit
                0x08000970       0x48 ..\obj\stm32f4xx_spi.o
                0x08000970                SPI_StructInit
 .text.TM_GPIO_InitAlternate
                0x080009b8       0x98 ..\obj\tm_stm32f4_gpio.o
                0x080009b8                TM_GPIO_InitAlternate
 .text.TM_GPIO_INT_EnableClock
                0x08000a50       0xf0 ..\obj\tm_stm32f4_gpio.o
                0x08000a50                TM_GPIO_INT_EnableClock
 .text.TM_GPIO_INT_Init
                0x08000b40       0xd0 ..\obj\tm_stm32f4_gpio.o
                0x08000b40                TM_GPIO_INT_Init
 .text.DrawFilledBoxInGrid
                0x08000c10       0x48 ..\obj\snakelib.o
                0x08000c10                DrawFilledBoxInGrid
 .text.DrawBitMap
                0x08000c58       0x44 ..\obj\snakelib.o
                0x08000c58                DrawBitMap
 .text._HelpDrawBitMap
                0x08000c9c       0x7c ..\obj\snakelib.o
                0x08000c9c                _HelpDrawBitMap
 .text.MathPower
                0x08000d18       0x58 ..\obj\snakelib.o
                0x08000d18                MathPower
 .text.PCD8544_InitIO
                0x08000d70       0x78 ..\obj\tm_stm32f4_pcd8544.o
                0x08000d70                PCD8544_InitIO
 .text.PCD8544_send
                0x08000de8       0x38 ..\obj\tm_stm32f4_pcd8544.o
                0x08000de8                PCD8544_send
 .text.PCD8544_Pin
                0x08000e20       0x60 ..\obj\tm_stm32f4_pcd8544.o
                0x08000e20                PCD8544_Pin
 .text.PCD8544_Delay
                0x08000e80       0x28 ..\obj\tm_stm32f4_pcd8544.o
                0x08000e80                PCD8544_Delay
 .text.PCD8544_Init
                0x08000ea8       0x78 ..\obj\tm_stm32f4_pcd8544.o
                0x08000ea8                PCD8544_Init
 .text.PCD8544_Write
                0x08000f20       0x3c ..\obj\tm_stm32f4_pcd8544.o
                0x08000f20                PCD8544_Write
 .text.PCD8544_DrawPixel
                0x08000f5c       0xb8 ..\obj\tm_stm32f4_pcd8544.o
                0x08000f5c                PCD8544_DrawPixel
 .text.PCD8544_Clear
                0x08001014       0x4c ..\obj\tm_stm32f4_pcd8544.o
                0x08001014                PCD8544_Clear
 .text.PCD8544_Home
                0x08001060       0x18 ..\obj\tm_stm32f4_pcd8544.o
                0x08001060                PCD8544_Home
 .text.PCD8544_Refresh
                0x08001078       0xbc ..\obj\tm_stm32f4_pcd8544.o
                0x08001078                PCD8544_Refresh
 .text.PCD8544_UpdateArea
                0x08001134       0x68 ..\obj\tm_stm32f4_pcd8544.o
                0x08001134                PCD8544_UpdateArea
 .text.PCD8544_GotoXY
                0x0800119c       0x2c ..\obj\tm_stm32f4_pcd8544.o
                0x0800119c                PCD8544_GotoXY
 .text.PCD8544_DrawLine
                0x080011c8      0x1a0 ..\obj\tm_stm32f4_pcd8544.o
                0x080011c8                PCD8544_DrawLine
 .text.PCD8544_DrawFilledRectangle
                0x08001368       0x34 ..\obj\tm_stm32f4_pcd8544.o
                0x08001368                PCD8544_DrawFilledRectangle
 *(.init)
 *(.fini)
 *crtbegin.o(.ctors)
 *crtbegin?.o(.ctors)
 *(EXCLUDE_FILE(*crtend.o *crtend?.o) .ctors)
 *(SORT(.ctors.*))
 *(.ctors)
 *crtbegin.o(.dtors)
 *crtbegin?.o(.dtors)
 *(EXCLUDE_FILE(*crtend.o *crtend?.o) .dtors)
 *(SORT(.dtors.*))
 *(.dtors)
 *(.rodata*)
 *(.eh_fram e*)

.glue_7         0x0800139c        0x0
 .glue_7        0x00000000        0x0 linker stubs

.glue_7t        0x0800139c        0x0
 .glue_7t       0x00000000        0x0 linker stubs

.vfp11_veneer   0x0800139c        0x0
 .vfp11_veneer  0x00000000        0x0 linker stubs

.v4_bx          0x0800139c        0x0
 .v4_bx         0x00000000        0x0 linker stubs

.iplt           0x0800139c        0x0
 .iplt          0x00000000        0x0 ..\obj\startup_stm32f4xx.o

.rel.dyn        0x0800139c        0x0
 .rel.iplt      0x00000000        0x0 ..\obj\startup_stm32f4xx.o

.ARM.extab
 *(.ARM.extab* .gnu.linkonce.armextab.*)
                0x0800139c                __exidx_start = .

.ARM.exidx
 *(.ARM.exidx* .gnu.linkonce.armexidx.*)
                0x0800139c                __exidx_end = .
                0x0800139c                __etext = .
                0x0800139c                _sidata = __etext

.data           0x20000000      0x1f8 load address 0x0800139c
                0x20000000                __data_start__ = .
                0x20000000                _sdata = __data_start__
 *(vtable)
 *(.data*)
 .data          0x20000000      0x1f8 ..\obj\main.o
                0x20000000                SnakeBitMap3310Vertical
                0x200001f8                . = ALIGN (0x4)
                0x200001f8                PROVIDE (__preinit_array_start, .)
 *(.preinit_array)
                0x200001f8                PROVIDE (__preinit_array_end, .)
                0x200001f8                . = ALIGN (0x4)
                0x200001f8                PROVIDE (__init_array_start, .)
 *(SORT(.init_array.*))
 *(.init_array)
                0x200001f8                PROVIDE (__init_array_end, .)
                0x200001f8                . = ALIGN (0x4)
                0x200001f8                PROVIDE (__fini_array_start, .)
 *(SORT(.fini_array.*))
 *(.fini_array)
                0x200001f8                PROVIDE (__fini_array_end, .)
 *(.jcr*)
                0x200001f8                . = ALIGN (0x4)
                0x200001f8                __data_end__ = .
                0x200001f8                _edata = __data_end__

.igot.plt       0x200001f8        0x0 load address 0x08001594
 .igot.plt      0x00000000        0x0 ..\obj\startup_stm32f4xx.o

.bss            0x200001f8      0x200 load address 0x08001594
                0x200001f8                . = ALIGN (0x4)
                0x200001f8                __bss_start__ = .
                0x200001f8                _sbss = __bss_start__
 *(.bss*)
 .bss           0x200001f8        0x4 ..\obj\tm_stm32f4_pcd8544.o
                0x200001f8                PCD8544_UpdateXmin
                0x200001f9                PCD8544_UpdateXmax
                0x200001fa                PCD8544_UpdateYmin
                0x200001fb                PCD8544_UpdateYmax
 *(COMMON)
 COMMON         0x200001fc      0x1fc ..\obj\tm_stm32f4_pcd8544.o
                0x200001fc                PCD8544_y
                0x200001fd                PCD8544_x
                0x20000200                PCD8544_Buffer
                0x200003f8                . = ALIGN (0x4)
                0x200003f8                __bss_end__ = .
                0x200003f8                _ebss = __bss_end__

.heap           0x200003f8        0x0
                0x200003f8                __end__ = .
                0x200003f8                _end = __end__
                0x200003f8                end = __end__
 *(.heap*)
                0x200003f8                __HeapLimit = .

.co_stack       0x200003f8      0x800 load address 0x08001794
                0x200003f8                . = ALIGN (0x8)
 *(.co_stack .co_stack.*)
 .co_stack      0x200003f8      0x800 ..\obj\startup_stm32f4xx.o
                0x200003f8                pulStack
                0x20020000                __StackTop = (ORIGIN (ram) + 0x20000)
                0x2001f800                __StackLimit = (__StackTop - SIZEOF (.co_stack))
                0x20020000                PROVIDE (__stack, __StackTop)
                0x00000001                ASSERT ((__StackLimit >= __HeapLimit), region ram  overflowed with stack)
LOAD ..\obj\startup_stm32f4xx.o
LOAD ..\obj\main.o
LOAD ..\obj\stm32f4xx_rcc.o
LOAD ..\obj\demo.o
LOAD ..\obj\tm_stm32f4_spi.o
LOAD ..\obj\main_menu_lib.o
LOAD ..\obj\tm_stm32f4_rng.o
LOAD ..\obj\stm32f4xx_gpio.o
LOAD ..\obj\system_stm32f4xx.o
LOAD ..\obj\stm32f4xx_spi.o
LOAD ..\obj\bitmap.o
LOAD ..\obj\tm_stm32f4_gpio.o
LOAD ..\obj\snakelib.o
LOAD ..\obj\tm_stm32f4_pcd8544.o
START GROUP
LOAD c:/program files (x86)/gnu tools arm embedded/4.8 2014q3/bin/../lib/gcc/arm-none-eabi/4.8.4/armv7e-m\libgcc.a
LOAD c:/program files (x86)/gnu tools arm embedded/4.8 2014q3/bin/../lib/gcc/arm-none-eabi/4.8.4/../../../../arm-none-eabi/lib/armv7e-m\libg.a
LOAD c:/program files (x86)/gnu tools arm embedded/4.8 2014q3/bin/../lib/gcc/arm-none-eabi/4.8.4/../../../../arm-none-eabi/lib/armv7e-m\libc.a
END GROUP
OUTPUT(STMSnake.elf elf32-littlearm)

.debug_info     0x00000000     0x4761
 .debug_info    0x00000000       0xed ..\obj\startup_stm32f4xx.o
 .debug_info    0x000000ed       0xcd ..\obj\main.o
 .debug_info    0x000001ba      0xc4d ..\obj\stm32f4xx_rcc.o
 .debug_info    0x00000e07      0x100 ..\obj\demo.o
 .debug_info    0x00000f07      0xa3f ..\obj\tm_stm32f4_spi.o
 .debug_info    0x00001946      0x2cd ..\obj\tm_stm32f4_rng.o
 .debug_info    0x00001c13      0x602 ..\obj\stm32f4xx_gpio.o
 .debug_info    0x00002215      0x592 ..\obj\system_stm32f4xx.o
 .debug_info    0x000027a7      0xb07 ..\obj\stm32f4xx_spi.o
 .debug_info    0x000032ae      0x6dc ..\obj\tm_stm32f4_gpio.o
 .debug_info    0x0000398a      0x2a4 ..\obj\snakelib.o
 .debug_info    0x00003c2e      0xb33 ..\obj\tm_stm32f4_pcd8544.o

.debug_abbrev   0x00000000      0xe7f
 .debug_abbrev  0x00000000       0xb0 ..\obj\startup_stm32f4xx.o
 .debug_abbrev  0x000000b0       0x8a ..\obj\main.o
 .debug_abbrev  0x0000013a      0x1e3 ..\obj\stm32f4xx_rcc.o
 .debug_abbrev  0x0000031d       0xa4 ..\obj\demo.o
 .debug_abbrev  0x000003c1      0x1bb ..\obj\tm_stm32f4_spi.o
 .debug_abbrev  0x0000057c       0xc9 ..\obj\tm_stm32f4_rng.o
 .debug_abbrev  0x00000645      0x1a3 ..\obj\stm32f4xx_gpio.o
 .debug_abbrev  0x000007e8      0x136 ..\obj\system_stm32f4xx.o
 .debug_abbrev  0x0000091e      0x167 ..\obj\stm32f4xx_spi.o
 .debug_abbrev  0x00000a85      0x16b ..\obj\tm_stm32f4_gpio.o
 .debug_abbrev  0x00000bf0       0xde ..\obj\snakelib.o
 .debug_abbrev  0x00000cce      0x1b1 ..\obj\tm_stm32f4_pcd8544.o

.debug_aranges  0x00000000      0x5d0
 .debug_aranges
                0x00000000       0x28 ..\obj\startup_stm32f4xx.o
 .debug_aranges
                0x00000028       0x20 ..\obj\main.o
 .debug_aranges
                0x00000048      0x178 ..\obj\stm32f4xx_rcc.o
 .debug_aranges
                0x000001c0       0x28 ..\obj\demo.o
 .debug_aranges
                0x000001e8       0x98 ..\obj\tm_stm32f4_spi.o
 .debug_aranges
                0x00000280       0x30 ..\obj\tm_stm32f4_rng.o
 .debug_aranges
                0x000002b0       0x88 ..\obj\stm32f4xx_gpio.o
 .debug_aranges
                0x00000338       0x30 ..\obj\system_stm32f4xx.o
 .debug_aranges
                0x00000368       0xe0 ..\obj\stm32f4xx_spi.o
 .debug_aranges
                0x00000448       0x70 ..\obj\tm_stm32f4_gpio.o
 .debug_aranges
                0x000004b8       0x58 ..\obj\snakelib.o
 .debug_aranges
                0x00000510       0xc0 ..\obj\tm_stm32f4_pcd8544.o

.debug_ranges   0x00000000      0x510
 .debug_ranges  0x00000000       0x18 ..\obj\startup_stm32f4xx.o
 .debug_ranges  0x00000018       0x10 ..\obj\main.o
 .debug_ranges  0x00000028      0x168 ..\obj\stm32f4xx_rcc.o
 .debug_ranges  0x00000190       0x18 ..\obj\demo.o
 .debug_ranges  0x000001a8       0x88 ..\obj\tm_stm32f4_spi.o
 .debug_ranges  0x00000230       0x20 ..\obj\tm_stm32f4_rng.o
 .debug_ranges  0x00000250       0x78 ..\obj\stm32f4xx_gpio.o
 .debug_ranges  0x000002c8       0x20 ..\obj\system_stm32f4xx.o
 .debug_ranges  0x000002e8       0xd0 ..\obj\stm32f4xx_spi.o
 .debug_ranges  0x000003b8       0x60 ..\obj\tm_stm32f4_gpio.o
 .debug_ranges  0x00000418       0x48 ..\obj\snakelib.o
 .debug_ranges  0x00000460       0xb0 ..\obj\tm_stm32f4_pcd8544.o

.debug_line     0x00000000     0x2bde
 .debug_line    0x00000000       0xcb ..\obj\startup_stm32f4xx.o
 .debug_line    0x000000cb      0x1d9 ..\obj\main.o
 .debug_line    0x000002a4      0x651 ..\obj\stm32f4xx_rcc.o
 .debug_line    0x000008f5      0x269 ..\obj\demo.o
 .debug_line    0x00000b5e      0x584 ..\obj\tm_stm32f4_spi.o
 .debug_line    0x000010e2      0x279 ..\obj\tm_stm32f4_rng.o
 .debug_line    0x0000135b      0x3f6 ..\obj\stm32f4xx_gpio.o
 .debug_line    0x00001751      0x24a ..\obj\system_stm32f4xx.o
 .debug_line    0x0000199b      0x509 ..\obj\stm32f4xx_spi.o
 .debug_line    0x00001ea4      0x3b6 ..\obj\tm_stm32f4_gpio.o
 .debug_line    0x0000225a      0x33f ..\obj\snakelib.o
 .debug_line    0x00002599      0x645 ..\obj\tm_stm32f4_pcd8544.o

.debug_str      0x00000000     0x1cb5
 .debug_str     0x00000000      0x15f ..\obj\startup_stm32f4xx.o
                                0x171 (size before relaxing)
 .debug_str     0x0000015f       0xdd ..\obj\main.o
                                0x19e (size before relaxing)
 .debug_str     0x0000023c      0x6fe ..\obj\stm32f4xx_rcc.o
                                0x87a (size before relaxing)
 .debug_str     0x0000093a       0xa9 ..\obj\demo.o
                                0x1e5 (size before relaxing)
 .debug_str     0x000009e3      0x452 ..\obj\tm_stm32f4_spi.o
                                0x725 (size before relaxing)
 .debug_str     0x00000e35       0xb5 ..\obj\tm_stm32f4_rng.o
                                0x2ed (size before relaxing)
 .debug_str     0x00000eea      0x285 ..\obj\stm32f4xx_gpio.o
                                0x4cd (size before relaxing)
 .debug_str     0x0000116f      0x142 ..\obj\system_stm32f4xx.o
                                0x3d4 (size before relaxing)
 .debug_str     0x000012b1      0x317 ..\obj\stm32f4xx_spi.o
                                0x6b4 (size before relaxing)
 .debug_str     0x000015c8      0x1fb ..\obj\tm_stm32f4_gpio.o
                                0x581 (size before relaxing)
 .debug_str     0x000017c3      0x114 ..\obj\snakelib.o
                                0x26d (size before relaxing)
 .debug_str     0x000018d7      0x3de ..\obj\tm_stm32f4_pcd8544.o
                                0x80c (size before relaxing)

.comment        0x00000000       0x70
 .comment       0x00000000       0x70 ..\obj\startup_stm32f4xx.o
                                 0x71 (size before relaxing)
 .comment       0x00000000       0x71 ..\obj\main.o
 .comment       0x00000000       0x71 ..\obj\stm32f4xx_rcc.o
 .comment       0x00000000       0x71 ..\obj\demo.o
 .comment       0x00000000       0x71 ..\obj\tm_stm32f4_spi.o
 .comment       0x00000000       0x71 ..\obj\tm_stm32f4_rng.o
 .comment       0x00000000       0x71 ..\obj\stm32f4xx_gpio.o
 .comment       0x00000000       0x71 ..\obj\system_stm32f4xx.o
 .comment       0x00000000       0x71 ..\obj\stm32f4xx_spi.o
 .comment       0x00000000       0x71 ..\obj\tm_stm32f4_gpio.o
 .comment       0x00000000       0x71 ..\obj\snakelib.o
 .comment       0x00000000       0x71 ..\obj\tm_stm32f4_pcd8544.o

.ARM.attributes
                0x00000000       0x33
 .ARM.attributes
                0x00000000       0x33 ..\obj\startup_stm32f4xx.o
 .ARM.attributes
                0x00000033       0x33 ..\obj\main.o
 .ARM.attributes
                0x00000066       0x33 ..\obj\stm32f4xx_rcc.o
 .ARM.attributes
                0x00000099       0x33 ..\obj\demo.o
 .ARM.attributes
                0x000000cc       0x33 ..\obj\tm_stm32f4_spi.o
 .ARM.attributes
                0x000000ff       0x33 ..\obj\tm_stm32f4_rng.o
 .ARM.attributes
                0x00000132       0x33 ..\obj\stm32f4xx_gpio.o
 .ARM.attributes
                0x00000165       0x33 ..\obj\system_stm32f4xx.o
 .ARM.attributes
                0x00000198       0x33 ..\obj\stm32f4xx_spi.o
 .ARM.attributes
                0x000001cb       0x33 ..\obj\tm_stm32f4_gpio.o
 .ARM.attributes
                0x000001fe       0x33 ..\obj\snakelib.o
 .ARM.attributes
                0x00000231       0x33 ..\obj\tm_stm32f4_pcd8544.o

.debug_frame    0x00000000     0x11a8
 .debug_frame   0x00000000       0x48 ..\obj\startup_stm32f4xx.o
 .debug_frame   0x00000048       0x2c ..\obj\main.o
 .debug_frame   0x00000074      0x4d8 ..\obj\stm32f4xx_rcc.o
 .debug_frame   0x0000054c       0x4c ..\obj\demo.o
 .debug_frame   0x00000598      0x1f0 ..\obj\tm_stm32f4_spi.o
 .debug_frame   0x00000788       0x58 ..\obj\tm_stm32f4_rng.o
 .debug_frame   0x000007e0      0x19c ..\obj\stm32f4xx_gpio.o
 .debug_frame   0x0000097c       0x64 ..\obj\system_stm32f4xx.o
 .debug_frame   0x000009e0      0x2d0 ..\obj\stm32f4xx_spi.o
 .debug_frame   0x00000cb0      0x14c ..\obj\tm_stm32f4_gpio.o
 .debug_frame   0x00000dfc      0x10c ..\obj\snakelib.o
 .debug_frame   0x00000f08      0x2a0 ..\obj\tm_stm32f4_pcd8544.o
